// Jest Snapshot v1, https://goo.gl/fbAQLP

exports[`basic snapshot 1`] = `
.c0 {
  -webkit-font-smoothing: antialiased;
  color: #3c3c3c;
  font-family: 'Source Sans Pro','Helvetica Neue',Helvetica,sans-serif;
  font-size: 16px;
  font-style: normal;
  font-stretch: normal;
  font-weight: 400;
  -webkit-letter-spacing: .03em;
  -moz-letter-spacing: .03em;
  -ms-letter-spacing: .03em;
  letter-spacing: .03em;
  line-height: 1.5;
  border-radius: 2px;
  border-style: solid;
  border-width: 2px;
  padding-bottom: 15px;
  padding-left: 15px;
  padding-right: 15px;
  padding-top: 15px;
  position: relative;
  white-space: pre-wrap;
  overflow: hidden;
  max-height: 3000vh;
  opacity: 1;
  -webkit-transition: border 0s cubic-bezier(0.785,0.135,0.15,0.86) 250ms,max-height 0s cubic-bezier(0.785,0.135,0.15,0.86) 250ms,padding 0s cubic-bezier(0.785,0.135,0.15,0.86) 250ms,opacity 250ms cubic-bezier(0.785,0.135,0.15,0.86);
  transition: border 0s cubic-bezier(0.785,0.135,0.15,0.86) 250ms,max-height 0s cubic-bezier(0.785,0.135,0.15,0.86) 250ms,padding 0s cubic-bezier(0.785,0.135,0.15,0.86) 250ms,opacity 250ms cubic-bezier(0.785,0.135,0.15,0.86);
  color: #7a6322;
  background-color: #FEF9ED;
  border-color: #E6DBBE;
}

<div
  className="MuiGrid-container-5 MuiGrid-spacing-xs-40-31"
>
  <div
    className="MuiGrid-item-6 MuiGrid-grid-xs-12-45 MuiGrid-grid-sm-6-53"
  >
    <div
      className="SkSaleDetail-info-3"
    />
    <div
      className="c0"
    >
      Sale ends in a few seconds ago
    </div>
    <div
      className="SkSaleDetail-info-3"
    >
      <div
        className="MuiTypography-root-102 MuiTypography-body1-111"
      >
        Sign in as administrator to edit.
You can clone this sale from the sale grid.
You can upload images click or drag in image box on the left here.
Tag this sale below, and then add tag in navigation.
Click the bookmark in the tag to set sale url.
Option variants, price, quantity, and child variants are created by clicking on the variant below, clone the variant to add more options.
Details can be added below the image for more specific sale information.
 Login next to the cart, and then click the dashboard icon for more tools.
      </div>
    </div>
  </div>
  <div
    className="MuiGrid-item-6 MuiGrid-grid-xs-12-45 MuiGrid-grid-sm-6-53"
  >
    <p
      className="MuiTypography-root-102 MuiTypography-body1-111 MuiTypography-paragraph-121 SkSaleDetail-notFoundMessage-4"
    >
      No products found for this sale.
    </p>
  </div>
</div>
`;
